
> malik-tech-dairy@1.0.0 build
> cross-env NODE_OPTIONS='--max-old-space-size=4096' next build

   Γû▓ Next.js 15.5.7
   - Environments: .env.local
   - Experiments (use with caution):
     ┬╖ optimizePackageImports

   Creating an optimized production build ...
   Linting and checking validity of types ...
